// Jest Snapshot v1, https://goo.gl/fbAQLP

exports[`Table snapshots 1`] = `
<div
  className="table"
>
  <div
    className="table-header"
  >
    <span
      className="col-lg"
    >
      <button
        className="button-inline"
        onClick={[Function]}
        type="button"
      >
        Title
      </button>
    </span>
    <span
      className="col-md"
    >
      <button
        className="button-inline"
        onClick={[Function]}
        type="button"
      >
        Author
      </button>
    </span>
    <span
      className="col-xs"
    >
      <button
        className="button-inline"
        onClick={[Function]}
        type="button"
      >
        Comments
      </button>
    </span>
    <span
      className="col-xs"
    >
      <button
        className="button-inline"
        onClick={[Function]}
        type="button"
      >
        Points
      </button>
    </span>
    <span
      className="col-xs"
    >
      Archive
    </span>
  </div>
  <div
    className="table-row"
  >
    <span
      className="col-lg"
    >
      <a>
        1
      </a>
    </span>
    <span
      className="col-md"
    >
      1
    </span>
    <span
      className="col-xs"
    >
      1
    </span>
    <span
      className="col-xs"
    >
      2
    </span>
    <span
      className="col-sm"
    >
      <button
        className="button-inline"
        onClick={[Function]}
        type="button"
      >
        Dismiss
      </button>
    </span>
  </div>
  <div
    className="table-row"
  >
    <span
      className="col-lg"
    >
      <a>
        2
      </a>
    </span>
    <span
      className="col-md"
    >
      2
    </span>
    <span
      className="col-xs"
    >
      1
    </span>
    <span
      className="col-xs"
    >
      2
    </span>
    <span
      className="col-sm"
    >
      <button
        className="button-inline"
        onClick={[Function]}
        type="button"
      >
        Dismiss
      </button>
    </span>
  </div>
</div>
`;
